// Jest Snapshot v1, https://goo.gl/fbAQLP

exports[`should render the dashboard 1`] = `
<div
  className="box-layout"
>
  <div
    className="box-layout__box"
  >
    <h1
      className="box-layout__title"
    >
      Cash Machine
    </h1>
    <p>
      Time to withdraw some cash.
    </p>
    <form
      onSubmit={[Function]}
    >
      <input
        className="text-input"
        onChange={[Function]}
        placeholder="Enter amount"
        type="text"
        value=""
      />
      <div>
        <button
          className="button"
          type="submit"
        >
          Submit
        </button>
      </div>
    </form>
    <div
      className="content-container"
    />
  </div>
</div>
`;
